// Jest Snapshot v1, https://goo.gl/fbAQLP

exports[`read JSON in a file checks to see if path is valid 1`] = `"No path specified"`;

exports[`write JSON to a file validates JSON 1`] = `"No data specified"`;
